// Jest Snapshot v1, https://goo.gl/fbAQLP

exports[`renders homepage 1`] = `
<div>
  <h1>
    Poonawala Fincop Ltd - demo
  </h1>
</div>
`;
